// Jest Snapshot v1, https://goo.gl/fbAQLP

exports[`lib/manager/ansible/extract extractPackageFile() extracts multiple image lines from docker_container 1`] = `
Array [
  Object {
    "currentDepTag": "busybox",
    "currentDigest": undefined,
    "currentFrom": "busybox",
    "currentValue": undefined,
    "datasource": "docker",
    "depName": "busybox",
    "depType": "stage",
    "lineNumber": 4,
    "versionScheme": "docker",
  },
  Object {
    "currentDepTag": "redis",
    "currentDigest": undefined,
    "currentFrom": "redis",
    "currentValue": undefined,
    "datasource": "docker",
    "depName": "redis",
    "depType": "stage",
    "lineNumber": 11,
    "versionScheme": "docker",
  },
  Object {
    "currentDepTag": "someuser/appimage",
    "currentDigest": undefined,
    "currentFrom": "someuser/appimage",
    "currentValue": undefined,
    "datasource": "docker",
    "depName": "someuser/appimage",
    "depType": "stage",
    "lineNumber": 23,
    "versionScheme": "docker",
  },
  Object {
    "currentDepTag": "ubuntu:14.04",
    "currentDigest": undefined,
    "currentFrom": "ubuntu:14.04",
    "currentValue": "14.04",
    "datasource": "docker",
    "depName": "ubuntu",
    "depType": "stage",
    "lineNumber": 40,
    "versionScheme": "docker",
  },
  Object {
    "currentDepTag": "someuser/anotherappimage",
    "currentDigest": undefined,
    "currentFrom": "someuser/anotherappimage",
    "currentValue": undefined,
    "datasource": "docker",
    "depName": "someuser/anotherappimage",
    "depType": "stage",
    "lineNumber": 52,
    "versionScheme": "docker",
  },
  Object {
    "currentDepTag": "busybox",
    "currentDigest": undefined,
    "currentFrom": "busybox",
    "currentValue": undefined,
    "datasource": "docker",
    "depName": "busybox",
    "depType": "stage",
    "lineNumber": 64,
    "versionScheme": "docker",
  },
  Object {
    "currentDepTag": "postgres:latest",
    "currentDigest": undefined,
    "currentFrom": "postgres:latest",
    "currentValue": "latest",
    "datasource": "docker",
    "depName": "postgres",
    "depType": "stage",
    "lineNumber": 76,
    "versionScheme": "docker",
  },
  Object {
    "currentDepTag": "ubuntu:14.04",
    "currentDigest": undefined,
    "currentFrom": "ubuntu:14.04",
    "currentValue": "14.04",
    "datasource": "docker",
    "depName": "ubuntu",
    "depType": "stage",
    "lineNumber": 83,
    "versionScheme": "docker",
  },
  Object {
    "currentDepTag": "ubuntu:14.04",
    "currentDigest": undefined,
    "currentFrom": "ubuntu:14.04",
    "currentValue": "14.04",
    "datasource": "docker",
    "depName": "ubuntu",
    "depType": "stage",
    "lineNumber": 96,
    "versionScheme": "docker",
  },
]
`;

exports[`lib/manager/ansible/extract extractPackageFile() extracts multiple image lines from docker_service 1`] = `
Array [
  Object {
    "currentDepTag": "sameersbn/gitlab:11.5.1",
    "currentDigest": undefined,
    "currentFrom": "sameersbn/gitlab:11.5.1",
    "currentValue": "11.5.1",
    "datasource": "docker",
    "depName": "sameersbn/gitlab",
    "depType": "stage",
    "lineNumber": 8,
    "versionScheme": "docker",
  },
  Object {
    "currentDepTag": "sameersbn/postgresql:10",
    "currentDigest": undefined,
    "currentFrom": "sameersbn/postgresql:10",
    "currentValue": "10",
    "datasource": "docker",
    "depName": "sameersbn/postgresql",
    "depType": "stage",
    "lineNumber": 30,
    "versionScheme": "docker",
  },
  Object {
    "currentDepTag": "sameersbn/redis:4.0.9-1",
    "currentDigest": undefined,
    "currentFrom": "sameersbn/redis:4.0.9-1",
    "currentValue": "4.0.9-1",
    "datasource": "docker",
    "depName": "sameersbn/redis",
    "depType": "stage",
    "lineNumber": 38,
    "versionScheme": "docker",
  },
  Object {
    "currentDepTag": "registry:2.6.2",
    "currentDigest": undefined,
    "currentFrom": "registry:2.6.2",
    "currentValue": "2.6.2",
    "datasource": "docker",
    "depName": "registry",
    "depType": "stage",
    "lineNumber": 43,
    "versionScheme": "docker",
  },
]
`;
